4cartas.sh -> alberto:alberto (-rw-rw-r--)
4cartas.v2.sh -> alberto:alberto (-rw-rw-r--)
adinuno.sh -> alberto:alberto (-rw-rw-r--)
adivina.sh -> alberto:alberto (-rwxrw-r--)
adivino.sh -> alberto:alberto (-rwxrw-r--)
agenda.csv -> alberto:alberto (-rw-rw-r--)
archivo.lst -> alberto:alberto (-rw-rw-r--)
barajar.sh -> alberto:alberto (-rw-rw-r--)
BBB -> alberto:alberto (-rw-rw-r--)
bienvenida.sh -> alberto:alberto (-rwxrw-r--)
capitalde.sh -> alberto:alberto (-rwxrw-r--)
capitales.sh -> alberto:alberto (-rw-rw-r--)
creaAgenda.sh -> alberto:alberto (-rw-rw-r--)
dame3.sh -> alberto:alberto (-rwxrw-r--)
direc -> alberto:alberto (drwxrwxr-x)
elcase.sh -> alberto:alberto (-rwxrw-r--)
encasa.sh -> alberto:alberto (-rwxrw-r--)
equipos.csv -> alberto:alberto (-rw-rw-r--)
foranidado2.sh -> alberto:alberto (-rw-rw-r--)
foranidado.sh -> alberto:alberto (-rw-rw-r--)
leerAgenda.sh -> alberto:alberto (-rw-rw-r--)
leerCSV2.sh -> alberto:alberto (-rw-rw-r--)
leerCSV.sh -> alberto:alberto (-rw-rw-r--)
leerTexto2.sh -> alberto:alberto (-rwxrw-r--)
leerTexto3.sh -> alberto:alberto (-rw-rw-r--)
leerTexto4.sh -> alberto:alberto (-rwxrw-r--)
leerTexto.sh -> alberto:alberto (-rw-rw-r--)
lerrTexto2.sh -> alberto:alberto (-rw-rw-r--)
lsplus.sh -> alberto:alberto (-rw-rw-r--)
params2.sh -> alberto:alberto (-rwxrw-r--)
params.sh -> alberto:alberto (-rwxrw-r--)
pnz.sh -> alberto:alberto (-rwxrw-r--)
repartir.sh -> alberto:alberto (-rw-rw-r--)
resultado -> alberto:alberto (-rw-rw-r--)
tablam.sh -> alberto:alberto (-rwxrw-r--)
texto.txt -> alberto:alberto (-rw-rw-r--)
